Reusing configuration cache.
> Task :processTestResources UP-TO-DATE
> Task :processResources UP-TO-DATE
> Task :compileJava UP-TO-DATE
> Task :classes UP-TO-DATE
> Task :compileTestJava UP-TO-DATE
> Task :testClasses UP-TO-DATE
OpenJDK 64-Bit Server VM warning: Sharing is only supported for boot loader classes because bootstrap classpath has been appended
WARNING: A terminally deprecated method in sun.misc.Unsafe has been called
WARNING: sun.misc.Unsafe::objectFieldOffset has been called by net.bytebuddy.dynamic.loading.ClassInjector$UsingUnsafe$Dispatcher$CreationAction (file:/C:/Users/rafae/.gradle/caches/modules-2/files-2.1/net.bytebuddy/byte-buddy/1.17.8/af5735f63d00ca47a9375fae5c7471a36331c6ed/byte-buddy-1.17.8.jar)
WARNING: Please consider reporting this to the maintainers of class net.bytebuddy.dynamic.loading.ClassInjector$UsingUnsafe$Dispatcher$CreationAction
WARNING: sun.misc.Unsafe::objectFieldOffset will be removed in a future release

> Task :test

TaskServiceStatusChangeTest > Nao inicia sem executionTimeMinutes e pomodoroMinutes PASSED

TaskServiceStatusChangeTest > Inicia quando campos presentes PASSED

2025-11-19T10:49:24.050-03:00  WARN 23640 --- [task-management-test] [ionShutdownHook] com.zaxxer.hikari.pool.PoolBase          : TaskManagementTestHikariPool - Failed to validate connection org.postgresql.jdbc.PgConnection@654e40da (This connection has been closed.). Possibly consider using a shorter maxLifetime value.
2025-11-19T10:49:24.052-03:00  WARN 23640 --- [task-management-test] [ionShutdownHook] com.zaxxer.hikari.pool.PoolBase          : TaskManagementTestHikariPool - Failed to validate connection org.postgresql.jdbc.PgConnection@7d32a5ea (This connection has been closed.). Possibly consider using a shorter maxLifetime value.
2025-11-19T10:49:34.050-03:00  WARN 23640 --- [task-management-test] [ionShutdownHook] org.hibernate.orm.jdbc.error             : HHH000247: ErrorCode: 0, SQLState: 08001
2025-11-19T10:49:34.050-03:00  WARN 23640 --- [task-management-test] [ionShutdownHook] org.hibernate.orm.jdbc.error             : TaskManagementTestHikariPool - Connection is not available, request timed out after 10001ms (total=0, active=0, idle=0, waiting=0)
2025-11-19T10:49:34.050-03:00  WARN 23640 --- [task-management-test] [ionShutdownHook] org.hibernate.orm.jdbc.error             : HHH000247: ErrorCode: 0, SQLState: 08001
2025-11-19T10:49:34.050-03:00  WARN 23640 --- [task-management-test] [ionShutdownHook] org.hibernate.orm.jdbc.error             : TaskManagementTestHikariPool - Connection is not available, request timed out after 10001ms (total=0, active=0, idle=0, waiting=0)
2025-11-19T10:49:34.051-03:00  WARN 23640 --- [task-management-test] [ionShutdownHook] o.s.b.f.support.DisposableBeanAdapter    : Invocation of destroy method failed on bean with name 'entityManagerFactory': org.hibernate.exception.JDBCConnectionException: Unable to open JDBC Connection for DDL execution [TaskManagementTestHikariPool - Connection is not available, request timed out after 10001ms (total=0, active=0, idle=0, waiting=0)] [n/a]
2025-11-19T10:49:34.052-03:00  INFO 23640 --- [task-management-test] [ionShutdownHook] com.zaxxer.hikari.HikariDataSource       : TaskManagementTestHikariPool - Shutdown initiated...
2025-11-19T10:49:34.210-03:00  INFO 23640 --- [task-management-test] [ionShutdownHook] com.zaxxer.hikari.HikariDataSource       : TaskManagementTestHikariPool - Shutdown completed.

BUILD SUCCESSFUL in 25s
5 actionable tasks: 1 executed, 4 up-to-date
Configuration cache entry reused.
